Executed ... PC=...
Executed ... PC=...
Executed ... PC=...
Executed ... PC=...
Executed ... PC=...
Executed ... PC=...
Executed ... PC=...
Executed ... PC=...
Executed ... PC=...
Executed ... PC=...
Executed ... PC=...
Executed ... PC=...
D-cache statistics: Accesses=10, Hit=7, Miss=3, Hit Rate=0.70
