Executed ... PC=...
Executed ... PC=...
Executed ... PC=...
Executed ... PC=...
Executed ... PC=...
Executed ... PC=...
Executed ... PC=...
Executed ... PC=...
Executed ... PC=...
Executed ... PC=...
Executed ... PC=...
Executed ... PC=...
Executed ... PC=...
Executed ... PC=...
Executed ... PC=...
Executed ... PC=...
D-cache statistics: Accesses=15, Hit=12, Miss=3, Hit Rate=0.80
