D-cache statistics: Accesses=16, Hit=8, Miss=8, Hit Rate=0.50
