D-cache statistics: Accesses=9, Hit=3, Miss=6, Hit Rate=0.33